.next/types/validator.ts(287,39): error TS2307: Cannot find module '../../app/pegawai/[id]/page.js' or its corresponding type declarations.
